// Jest Snapshot v1, https://goo.gl/fbAQLP

exports[`App should render 1`] = `
<div
  className="sc-bdnxRM"
>
  <div>
    Editor
  </div>
</div>
`;
