// Jest Snapshot v1, https://goo.gl/fbAQLP

exports[`AuthenticatedRoute should render 1`] = `<div />`;
