// Jest Snapshot v1, https://goo.gl/fbAQLP

exports[`<ThemeProviderConnected/> should render 1`] = `
<div
  className="no-theme"
>
  some-children
</div>
`;
